// Jest Snapshot v1, https://goo.gl/fbAQLP

exports[`Licenses (Trial) Have non-registered trial key should render if trial license provided 1`] = `
<nx-license-trial-component
  CONFIG={[Function Object]}
  LANG={[Function Object]}
  __ngContext__={[Function LRootView]}
  activateTrialKey="undefined"
  dialogsService={[Function Object]}
  haveTrialLicense="false"
  licenseForm="undefined"
  licenses={[Function Array]}
  processService={[Function Object]}
  selectedServer={[Function Array]}
  trialLicense={[Function String]}
>
  <nx-block
    class="d-block mt-3"
  >
    <div
      class="card"
    >
      <div
        class="card--header"
        hidden=""
      >
        <h4 />
      </div>
      <nx-section>
        <div
          class="card--body section clearfix"
          style="padding: 1rem;"
        >
          <div
            class="card--body-subheader"
            hidden=""
          >
            <h3 />
          </div>
          
          <form
            autocomplete="off"
            class="form ng-untouched ng-pristine ng-valid"
            id="trialLicenseForm"
            name="trialLicenseForm"
            novalidate=""
            role="form"
          >
            <div>
              <div
                id="trial_license_line1"
                translate=""
              >
                You have an unused trial license.
              </div>
              <div
                id="trial_license_line2"
                translate=""
              >
                Once activated, it will allow you to record up to 4 cameras for 30 days.
              </div>
            </div>
          </form>
        </div>
      </nx-section>
      <nx-section>
        <div
          class="card--body section clearfix"
          style="padding: 1rem;"
        >
          <div
            class="card--body-subheader"
            hidden=""
          >
            <h3 />
          </div>
          
          <nx-process-button>
            <div
              class="process-button"
            >
              
              <button
                class="btn btn-default"
                style="cursor: pointer;"
                type="submit"
              >
                Activate Trial License
                
                
              </button>
              
              
            </div>
          </nx-process-button>
        </div>
      </nx-section>
      <div
        class="card--footer"
        hidden=""
      />
    </div>
  </nx-block>
</nx-license-trial-component>
`;

exports[`Licenses (Trial) Have registered trial key should hide if no trial license provided 1`] = `
<nx-license-trial-component
  CONFIG={[Function Object]}
  LANG={[Function Object]}
  __ngContext__={[Function LRootView]}
  activateTrialKey="undefined"
  dialogsService={[Function Object]}
  haveTrialLicense={[Function Boolean]}
  licenseForm="undefined"
  licenses={[Function Array]}
  processService={[Function Object]}
  selectedServer={[Function Array]}
  trialLicense=""
>
  
</nx-license-trial-component>
`;

exports[`Licenses (Trial) should hide if no trial license provided 1`] = `
<nx-license-trial-component
  CONFIG={[Function Object]}
  LANG={[Function Object]}
  __ngContext__={[Function LRootView]}
  activateTrialKey="undefined"
  dialogsService={[Function Object]}
  haveTrialLicense={[Function Boolean]}
  licenseForm="undefined"
  licenses={[Function Array]}
  processService={[Function Object]}
  selectedServer={[Function Array]}
  trialLicense=""
>
  
</nx-license-trial-component>
`;
