// Jest Snapshot v1, https://goo.gl/fbAQLP

exports[`Licenses (Details) Have non-registered trial key should render if license(s) provided 1`] = `
<nx-license-detail-component
  CONFIG={[Function Object]}
  LANG={[Function Object]}
  __ngContext__={[Function LRootView]}
  datePipe={[Function Object]}
  formatLicenseKey={[Function Function]}
  infoBlockStyle={[Function String]}
  infoLineStyle={[Function String]}
  licenses={[Function Array]}
  orderedLicense={[Function Array]}
>
  <nx-block
    class="d-block mt-3"
    type="gray"
  >
    <div
      class="card gray"
    >
      <div
        class="card--header"
      >
        <h4>
          <header>
            <h4>
              D9RR-LV9X-E59W-QI6A
            </h4>
          </header>
        </h4>
      </div>
      <nx-section>
        <div
          class="card--body section clearfix"
          style="padding: 1rem;"
        >
          <div
            class="card--body-subheader"
            hidden=""
          >
            <h3 />
          </div>
          
          <nx-info-block>
            
            
            <div
              class="column-wrapper d-flex flex-wrap mw-100 remove-top-margin"
            >
              <div
                class="d-flex flex-column mw-100 flex-grow-1"
              >
                <div
                  class="block"
                >
                  
                  <div
                    class="block-section mw-100 w-100"
                  >
                    <div
                      class="block-section-keys clear-flex"
                      style="max-width: 100%;"
                    >
                      <p
                        class="dark"
                        style="display: flex;"
                        title="Type"
                      >
                        Type
                      </p>
                      <p
                        class="dark"
                        style="display: flex;"
                        title="Channels"
                      >
                        Channels
                      </p>
                      <p
                        class="dark"
                        style="display: flex;"
                        title="Server"
                      >
                        Server
                      </p>
                      <p
                        class="dark"
                        style="display: flex;"
                        title="Hardware ID"
                      >
                        Hardware ID
                      </p>
                      <p
                        class="dark"
                        style="display: flex;"
                        title="Status"
                      >
                        Status
                      </p>
                      <p
                        class="dark"
                        style="display: flex;"
                        title="Expires"
                      >
                        Expires
                      </p>
                      <p
                        class="dark"
                        style="display: none;"
                        title="Deactivation left"
                      >
                        Deactivation left
                      </p>
                      
                    </div>
                    <div
                      class="block-section-values"
                    >
                      <p
                        style="display: flex;"
                        title="Type-undefined"
                      >
                          
                        
                      </p>
                      <p
                        style="display: flex;"
                        title="Channels-4"
                      >
                         4 
                        
                      </p>
                      <p
                        style="display: flex;"
                        title="Server-Server Sofia"
                      >
                         Server Sofia 
                        
                      </p>
                      <p
                        style="display: flex;"
                        title="Hardware ID-052f25774269474ec8f9454d92ca9511cf"
                      >
                         052f25774269474ec8f9454d92ca9511cf 
                        
                      </p>
                      <p
                        style="display: flex;"
                        title="Status-OK"
                      >
                         OK 
                        
                      </p>
                      <p
                        style="display: flex;"
                        title="Expires--"
                      >
                         - 
                        
                      </p>
                      <p
                        class="error"
                        style="display: none;"
                        title="Deactivation left-0"
                      >
                         0 
                        
                      </p>
                      
                    </div>
                  </div>
                </div>
                
                
              </div>
              
              
            </div>
          </nx-info-block>
        </div>
      </nx-section>
      <div
        class="card--footer"
        hidden=""
      />
    </div>
  </nx-block>
</nx-license-detail-component>
`;
